// Jest Snapshot v1, https://goo.gl/fbAQLP

exports[`Profile Component renders correctly with data 1`] = `null`;
