// Jest Snapshot v1, https://goo.gl/fbAQLP

exports[`Settings Component renders correctly with data 1`] = `null`;
