// Jest Snapshot v1, https://goo.gl/fbAQLP

exports[`Login Component renders correctly with data 1`] = `
<View
  style={{}}
>
  <Text
    style={
      [
        {},
        {
          "color": "#14b8a6",
        },
      ]
    }
    testID="login-title"
  >
    Login
  </Text>
  <Text
    style={
      [
        {},
        {
          "color": "#8f8e8e",
        },
      ]
    }
  >
    Username:
  </Text>
  <TextInput
    autoComplete="username"
    onChangeText={[Function]}
    placeholder="Enter username here"
    style={
      [
        {},
        {
          "borderColor": "#e5e7eb",
          "borderWidth": 1,
          "color": "#8f8e8e",
          "outlineColor": "#ccc",
          "placeholderTextColor": "#8f8e8e",
          "textAlign": "center",
        },
      ]
    }
    textContentType="username"
    value=""
  />
  <Text
    style={
      [
        {},
        {
          "color": "#8f8e8e",
        },
      ]
    }
  >
    Password:
  </Text>
  <View
    style={
      [
        {},
      ]
    }
  >
    <TextInput
      onChangeText={[Function]}
      placeholder="****"
      secureTextEntry={false}
      style={
        [
          {},
          {
            "borderColor": "#e5e7eb",
            "borderWidth": 1,
            "color": "#8f8e8e",
            "outlineColor": "#ccc",
            "placeholderTextColor": "#8f8e8e",
            "textAlign": "center",
          },
        ]
      }
      testID="password-input"
      value=""
    />
    <View
      pointerEvents="box-none"
      style={
        {
          "alignItems": "center",
          "height": 40,
          "justifyContent": "center",
          "position": "absolute",
          "right": 10,
          "width": 30,
          "zIndex": 10,
        }
      }
    >
      <TouchableOpacity
        hitSlop={
          {
            "bottom": 10,
            "left": 10,
            "right": 10,
            "top": 10,
          }
        }
        onPress={[Function]}
      >
        <Text
          style={
            {
              "fontSize": 16,
            }
          }
          testID="secure-password"
        >
          ðŸ™ˆ
        </Text>
      </TouchableOpacity>
    </View>
  </View>
  <Text
    style={
      [
        {},
        {
          "color": "#8f8e8e",
        },
      ]
    }
  >
    Don't have an account? Create an account
     
    here
  </Text>
  <View
    accessibilityState={
      {
        "busy": undefined,
        "checked": undefined,
        "disabled": undefined,
        "expanded": undefined,
        "selected": undefined,
      }
    }
    accessibilityValue={
      {
        "max": undefined,
        "min": undefined,
        "now": undefined,
        "text": undefined,
      }
    }
    accessible={true}
    collapsable={false}
    focusable={true}
    onBlur={[Function]}
    onClick={[Function]}
    onFocus={[Function]}
    onResponderGrant={[Function]}
    onResponderMove={[Function]}
    onResponderRelease={[Function]}
    onResponderTerminate={[Function]}
    onResponderTerminationRequest={[Function]}
    onStartShouldSetResponder={[Function]}
    style={
      [
        {},
        {
          "backgroundColor": "#14b8a6",
          "elevation": 2,
          "opacity": 1,
          "shadowColor": "#000",
          "shadowOffset": {
            "height": 2,
            "width": 0,
          },
          "shadowOpacity": 0.1,
          "shadowRadius": 3,
        },
      ]
    }
  >
    <Text
      style={{}}
      testID="login-button"
    >
      Login
    </Text>
  </View>
</View>
`;
