// Jest Snapshot v1, https://goo.gl/fbAQLP

exports[`Signup Component renders correctly with data 1`] = `null`;
